[init] OC키=(데모키) sp-law-study
[init] 군=localtax(지방세) | 대상법 ['지방세법', '지방세기본법', '지방세징수법', '지방세특례제한법']
[init] 매핑표 로드: 지방세법:197건
[process] 미처리 3397건 (출처=대법원) / 제한 180분
  ...50/3397 | 참조조문 22 | 링크 43
  ...100/3397 | 참조조문 49 | 링크 104
  ...150/3397 | 참조조문 74 | 링크 111
  ...200/3397 | 참조조문 95 | 링크 133
  ...250/3397 | 참조조문 121 | 링크 179
  ...300/3397 | 참조조문 147 | 링크 228
  ...350/3397 | 참조조문 171 | 링크 291
  ...400/3397 | 참조조문 196 | 링크 315
  ...450/3397 | 참조조문 218 | 링크 361
  ...500/3397 | 참조조문 228 | 링크 366
  ...550/3397 | 참조조문 248 | 링크 384
  ...600/3397 | 참조조문 267 | 링크 450
  ...650/3397 | 참조조문 285 | 링크 462
  ...700/3397 | 참조조문 309 | 링크 505
  ...750/3397 | 참조조문 336 | 링크 587
  ...800/3397 | 참조조문 356 | 링크 625
  ...850/3397 | 참조조문 380 | 링크 683
  ...900/3397 | 참조조문 402 | 링크 711
  ...950/3397 | 참조조문 419 | 링크 763
  ...1000/3397 | 참조조문 439 | 링크 835
  ...1050/3397 | 참조조문 454 | 링크 880
  ...1100/3397 | 참조조문 467 | 링크 894
  ...1150/3397 | 참조조문 493 | 링크 922
  ...1200/3397 | 참조조문 517 | 링크 956
  ...1250/3397 | 참조조문 540 | 링크 989
  ...1300/3397 | 참조조문 564 | 링크 1025
  ...1350/3397 | 참조조문 585 | 링크 1048
  ...1400/3397 | 참조조문 616 | 링크 1103
  ...1450/3397 | 참조조문 642 | 링크 1155
  ...1500/3397 | 참조조문 669 | 링크 1198
  ...1550/3397 | 참조조문 699 | 링크 1233
  ...1600/3397 | 참조조문 743 | 링크 1318
  ...1650/3397 | 참조조문 792 | 링크 1457
  ...1700/3397 | 참조조문 842 | 링크 1550
  ...1750/3397 | 참조조문 892 | 링크 1671
  ...1800/3397 | 참조조문 942 | 링크 1766
  ...1850/3397 | 참조조문 991 | 링크 1828
  ...1900/3397 | 참조조문 1040 | 링크 1899
  ...1950/3397 | 참조조문 1088 | 링크 1977
  ...2000/3397 | 참조조문 1137 | 링크 2038
  ...2050/3397 | 참조조문 1186 | 링크 2094
  ...2100/3397 | 참조조문 1236 | 링크 2151
  ...2150/3397 | 참조조문 1283 | 링크 2211
  ...2200/3397 | 참조조문 1329 | 링크 2238
  ...2250/3397 | 참조조문 1374 | 링크 2279
  ...2300/3397 | 참조조문 1418 | 링크 2320
  ...2350/3397 | 참조조문 1465 | 링크 2353
  ...2400/3397 | 참조조문 1515 | 링크 2383
  ...2450/3397 | 참조조문 1563 | 링크 2421
  ...2500/3397 | 참조조문 1611 | 링크 2453
  ...2550/3397 | 참조조문 1659 | 링크 2479
  ...2600/3397 | 참조조문 1706 | 링크 2500
  ...2650/3397 | 참조조문 1753 | 링크 2534
  ...2700/3397 | 참조조문 1797 | 링크 2571
  ...2750/3397 | 참조조문 1844 | 링크 2601
  ...2800/3397 | 참조조문 1891 | 링크 2642
  ...2850/3397 | 참조조문 1932 | 링크 2686
  ...2900/3397 | 참조조문 1972 | 링크 2728
  ...2950/3397 | 참조조문 2009 | 링크 2760
  ...3000/3397 | 참조조문 2049 | 링크 2783
  ...3050/3397 | 참조조문 2097 | 링크 2826
  ...3100/3397 | 참조조문 2140 | 링크 2853
  ...3150/3397 | 참조조문 2179 | 링크 2870
  ...3200/3397 | 참조조문 2228 | 링크 2891
  ...3250/3397 | 참조조문 2273 | 링크 2929
  ...3300/3397 | 참조조문 2293 | 링크 2944
  ...3350/3397 | 참조조문 2336 | 링크 2951
[process] 이번 3397건 처리(참조조문 2369) | 링크 +2984 | 누적 처리 3539
